main.c:103:5:main	600	static
main.c:395:6:SystemClock_Config	88	static
main.c:440:13:MX_ADC1_Init	24	static
main.c:490:13:MX_SPI3_Init	8	static
main.c:528:13:MX_TIM3_Init	32	static
main.c:573:13:MX_TIM11_Init	8	static
main.c:604:13:MX_USART2_UART_Init	8	static
main.c:635:13:MX_DMA_Init	16	static
main.c:653:13:MX_GPIO_Init	48	static
main.c:705:9:UARTRecieveIT	16	static
main.c:717:6:HAL_UART_RxCpltCallback	16	static
main.c:723:6:MCP4922SetOutput	24	static
main.c:730:6:HAL_SPI_TxCpltCallback	16	static
main.c:738:6:HAL_TIM_PeriodElapsedCallback	24	static
main.c:746:17:micros	12	static
main.c:756:6:Error_Handler	4	static,ignoring_inline_asm
