main.c:102:5:main	600	static
main.c:394:6:SystemClock_Config	88	static
main.c:439:13:MX_ADC1_Init	24	static
main.c:489:13:MX_SPI3_Init	8	static
main.c:527:13:MX_TIM3_Init	32	static
main.c:572:13:MX_TIM11_Init	8	static
main.c:603:13:MX_USART2_UART_Init	8	static
main.c:634:13:MX_DMA_Init	16	static
main.c:652:13:MX_GPIO_Init	48	static
main.c:704:9:UARTRecieveIT	16	static
main.c:716:6:HAL_UART_RxCpltCallback	16	static
main.c:722:6:MCP4922SetOutput	24	static
main.c:729:6:HAL_SPI_TxCpltCallback	16	static
main.c:737:6:HAL_TIM_PeriodElapsedCallback	24	static
main.c:745:17:micros	12	static
main.c:755:6:Error_Handler	4	static,ignoring_inline_asm
